
Start our local database

$ cd vagrant-postgresql
$ script/database up

takes a while...

$ vagrant ssh
vagrant@vagrant-ubuntu-trusty-64:~$ psql -h localhost -U postgres --password
> enter "password" as password :D

postgres=# create database crux_dev;
CREATE DATABASE

Now we have a database to use for development

But wait?! Why did I not use "mix ecto.create"? Oh...

Next we need to generate controller/model/etc so we can start storing "Gists"

$ mix phoenix.gen.html Post posts name:string content:string tags:string

$ mix ecto.migrate

$ mix phoenix.server

At this point we can add new posts and view them from the application, easy!

So next up some Heroku stuff

Uncomment line for config/prod.secret.exs from .gitignore
Changed prod.secret.exs to use ENV so thats safe.

Then I used https://github.com/HashNuke/heroku-buildpack-elixir

$ heroku create --buildpack "https://github.com/HashNuke/heroku-buildpack-elixir.git"

> Go to heroku console and create a Hobby database

Configure prod.exs to use DATABASE_URL

OK FUCK IT DID NOT WORK SINCE I FAILED WITH THE BUILDPACKS :D

Attempt #2

$ heroku buildpacks:set https://github.com/gjaldon/phoenix-static-buildpack
$ heroku buildpacks:add --index 1 https://github.com/HashNuke/heroku-buildpack-elixir

https://github.com/phoenixframework/phoenix_guides
https://github.com/phoenixframework/phoenix_guides/blob/master/deployment/E_heroku.md

Make sure the buildpacks are in correct order !

$ heroku buildpacks:clear 
$ heroku buildpacks:add https://github.com/HashNuke/heroku-buildpack-elixir.git
$ heroku buildpacks:add https://github.com/gjaldon/heroku-buildpack-phoenix-static.git

\o/

2015-10-27T19:07:33.622638+00:00 heroku[web.1]: State changed from crashed to starting
2015-10-27T19:07:37.866112+00:00 heroku[web.1]: Starting process with command `mix phoenix.server`
2015-10-27T19:07:45.216705+00:00 app[web.1]: 19:07:45.216 [info] Running Crux.Endpoint with Cowboy on http://arcane-woodland-8154.herokuapp.com:41556


Tried to visit https://arcane-woodland-8154.herokuapp.com/posts

BANG!
Server internal error

$ heroku run mix ecto.migrate

Now my app works in the cloud too!

Visit:
https://arcane-woodland-8154.herokuapp.com/posts

